// Jest Snapshot v1, https://goo.gl/fbAQLP

exports[`defaultPageWrapper should render default page wrapper with children 1`] = `
<React.Fragment>
  <GlobalStyle
    fonts={null}
  />
  <ServiceWorkerContainer />
  <ManifestContainer />
  <HeaderContainer />
  <h2>
    Child element
  </h2>
  <FooterContainer />
</React.Fragment>
`;
